[backblue.gif]
[fade.gif]
[index.html]
[ableproadmin.com/bootstrap/default/assets/images/favicon.ico]
[ableproadmin.com/bootstrap/default/assets/images/user/avatar-2.jpg]
[ableproadmin.com/bootstrap/default/assets/images/logo.png]
[ableproadmin.com/bootstrap/default/assets/images/logo-icon.png]
[ableproadmin.com/bootstrap/default/assets/images/user/avatar-1.jpg]
[ableproadmin.com/bootstrap/default/assets/images/user/avatar-4.jpg]
[ableproadmin.com/bootstrap/default/assets/images/user/avatar-3.jpg]
[ableproadmin.com/bootstrap/default/assets/images/widget/dashborad-1.jpg]
[ableproadmin.com/bootstrap/default/assets/images/widget/dashborad-3.jpg]
[ableproadmin.com/bootstrap/default/assets/images/model/able-admin.jpg]
[ableproadmin.com/bootstrap/default/assets/js/vendor-all.min.js]
[ableproadmin.com/bootstrap/default/assets/js/plugins/bootstrap.min.js]
[ableproadmin.com/bootstrap/default/assets/js/ripple.js]
[ableproadmin.com/bootstrap/default/assets/js/pcoded.min.js]
[ableproadmin.com/bootstrap/default/assets/js/menu-setting.min.js]
[ableproadmin.com/bootstrap/default/assets/js/plugins/apexcharts.min.js]
[ableproadmin.com/bootstrap/default/assets/js/pages/dashboard-main.js]
[ableproadmin.com/bootstrap/default/index.html]
[ableproadmin.com/bootstrap/default/assets/fonts/pct.eot]
[ableproadmin.com/bootstrap/default/assets/fonts/pct.woff]
[ableproadmin.com/bootstrap/default/assets/fonts/pct.ttf]
[ableproadmin.com/bootstrap/default/assets/fonts/pctd41d.eot]
[ableproadmin.com/bootstrap/default/assets/fonts/feather6cfa.eot]
[ableproadmin.com/bootstrap/default/assets/fonts/feather6cfa.woff]
[ableproadmin.com/bootstrap/default/assets/fonts/feather6cfa.ttf]
[ableproadmin.com/bootstrap/default/assets/fonts/fa-brands-400.eot]
[ableproadmin.com/bootstrap/default/assets/fonts/fa-brands-400.woff]
[ableproadmin.com/bootstrap/default/assets/fonts/fa-brands-400d41d.eot]
[ableproadmin.com/bootstrap/default/assets/fonts/fa-brands-400.ttf]
[ableproadmin.com/bootstrap/default/assets/fonts/fa-regular-400.eot]
[ableproadmin.com/bootstrap/default/assets/fonts/fa-regular-400d41d.eot]
[ableproadmin.com/bootstrap/default/assets/fonts/fa-regular-400.woff]
[ableproadmin.com/bootstrap/default/assets/fonts/fa-regular-400.ttf]
[ableproadmin.com/bootstrap/default/assets/fonts/fa-solid-900.eot]
[ableproadmin.com/bootstrap/default/assets/fonts/fa-solid-900d41d.eot]
[ableproadmin.com/bootstrap/default/assets/fonts/fa-solid-900.woff]
[ableproadmin.com/bootstrap/default/assets/fonts/fa-solid-900.ttf]
[ableproadmin.com/bootstrap/default/assets/fonts/cryptocoins.woff]
[ableproadmin.com/bootstrap/default/assets/fonts/cryptocoins.ttf]
[ableproadmin.com/bootstrap/default/assets/images/nav-bg/body-bg-1.jpg]
[ableproadmin.com/bootstrap/default/assets/images/nav-bg/body-bg-2.jpg]
[ableproadmin.com/bootstrap/default/assets/images/nav-bg/body-bg-3.jpg]
[ableproadmin.com/bootstrap/default/assets/images/nav-bg/body-bg-4.jpg]
[ableproadmin.com/bootstrap/default/assets/images/nav-bg/body-bg-5.jpg]
[ableproadmin.com/bootstrap/default/assets/images/nav-bg/body-bg-6.jpg]
[ableproadmin.com/bootstrap/default/assets/images/widget/slider5.jpg]
[ableproadmin.com/bootstrap/default/assets/images/widget/blur-bg.png]
[ableproadmin.com/bootstrap/default/assets/images/loading.gif]
[ableproadmin.com/bootstrap/default/assets/images/prev.png]
[ableproadmin.com/bootstrap/default/assets/images/next.png]
[ableproadmin.com/bootstrap/default/assets/images/close.png]
[ableproadmin.com/bootstrap/default/assets/images/auth/img-auth-big.jpg]
[ableproadmin.com/bootstrap/default/assets/images/complete.png]
[ableproadmin.com/bootstrap/default/assets/css/style.css]
[ableproadmin.com/bootstrap/default/assets/images/user/avatar-5.jpg]
[ableproadmin.com/bootstrap/default/assets/images/profile/bg-1.jpg]
[ableproadmin.com/bootstrap/default/assets/images/profile/bg-2.jpg]
[ableproadmin.com/bootstrap/default/assets/images/profile/bg-3.jpg]
[ableproadmin.com/bootstrap/default/assets/images/widget/slider6.jpg]
[ableproadmin.com/bootstrap/default/assets/images/widget/slider7.jpg]
[ableproadmin.com/bootstrap/default/assets/images/light-box/l1.jpg]
[ableproadmin.com/bootstrap/default/assets/images/light-box/sl1.jpg]
[ableproadmin.com/bootstrap/default/assets/images/light-box/l2.jpg]
[ableproadmin.com/bootstrap/default/assets/images/light-box/sl2.jpg]
[ableproadmin.com/bootstrap/default/assets/images/light-box/l3.jpg]
[ableproadmin.com/bootstrap/default/assets/images/light-box/sl3.jpg]
[ableproadmin.com/bootstrap/default/assets/images/light-box/l4.jpg]
[ableproadmin.com/bootstrap/default/assets/images/light-box/sl4.jpg]
[ableproadmin.com/bootstrap/default/assets/images/light-box/l5.jpg]
[ableproadmin.com/bootstrap/default/assets/images/light-box/sl5.jpg]
[ableproadmin.com/bootstrap/default/assets/images/light-box/l6.jpg]
[ableproadmin.com/bootstrap/default/assets/images/light-box/sl6.jpg]
[ableproadmin.com/bootstrap/default/assets/js/plugins/ekko-lightbox.min.js]
[ableproadmin.com/bootstrap/default/assets/js/plugins/lightbox.min.js]
[ableproadmin.com/bootstrap/default/assets/js/pages/ac-lightbox.js]
[ableproadmin.com/bootstrap/default/user-profile.html]
[ableproadmin.com/bootstrap/default/email_inbox.html]
[ableproadmin.com/bootstrap/default/assets/images/logo-dark.png]
[ableproadmin.com/bootstrap/default/auth-signin.html]
[ableproadmin.com/bootstrap/default/assets/images/widget/PHONE1.jpg]
[ableproadmin.com/bootstrap/default/assets/images/widget/PHONE2.jpg]
[ableproadmin.com/bootstrap/default/assets/images/widget/PHONE3.jpg]
[ableproadmin.com/bootstrap/default/assets/js/pages/dashboard-sale.js]
[ableproadmin.com/bootstrap/default/dashboard-sale.html]
[ableproadmin.com/bootstrap/default/assets/images/widget/dashborad-2.jpg]
[ableproadmin.com/bootstrap/default/assets/js/pages/dashboard-crm.js]
[ableproadmin.com/bootstrap/default/dashboard-crm.html]
[ableproadmin.com/bootstrap/default/assets/js/pages/dashboard-analytics.js]
[ableproadmin.com/bootstrap/default/dashboard-analytics.html]
[ableproadmin.com/bootstrap/default/assets/js/pages/dashboard-project.js]
[ableproadmin.com/bootstrap/default/dashboard-project.html]
[ableproadmin.com/bootstrap/default/assets/js/plugins/prism.js]
[ableproadmin.com/bootstrap/default/layout-static.html]
[ableproadmin.com/bootstrap/default/layout-fixed.html]
[ableproadmin.com/bootstrap/default/layout-menu-fixed.html]
[ableproadmin.com/bootstrap/default/layout-mini-menu.html]
[ableproadmin.com/bootstrap/default/layout-rtl.html]
[ableproadmin.com/bootstrap/default/assets/js/horizontal-menu.js]
[ableproadmin.com/bootstrap/default/assets/js/analytics.js]
[ableproadmin.com/bootstrap/default/layout-horizontal.html]
[ableproadmin.com/bootstrap/default/layout-horizontal-2.html]
[ableproadmin.com/bootstrap/default/layout-horizontal-rtl.html]
[ableproadmin.com/bootstrap/default/layout-box.html]
[ableproadmin.com/bootstrap/default/layout-light.html]
[ableproadmin.com/bootstrap/default/layout-dark.html]
[ableproadmin.com/bootstrap/default/widget-statistic.html]
[ableproadmin.com/bootstrap/default/assets/images/widget/USA.jpg]
[ableproadmin.com/bootstrap/default/assets/images/widget/AUSTRALIA.jpg]
[ableproadmin.com/bootstrap/default/assets/images/widget/UK.jpg]
[ableproadmin.com/bootstrap/default/assets/images/widget/BRAZIL.jpg]
[ableproadmin.com/bootstrap/default/assets/images/widget/PHONE4.jpg]
[ableproadmin.com/bootstrap/default/assets/images/widget/p1.jpg]
[ableproadmin.com/bootstrap/default/assets/images/widget/p2.jpg]
[ableproadmin.com/bootstrap/default/assets/images/widget/p3.jpg]
[ableproadmin.com/bootstrap/default/assets/images/widget/p4.jpg]
[ableproadmin.com/bootstrap/default/assets/js/plugins/gmaps.min.js]
[ableproadmin.com/bootstrap/default/assets/js/pages/todo.js]
[ableproadmin.com/bootstrap/default/widget-data.html]
[ableproadmin.com/bootstrap/default/assets/js/pages/widget-data.js]
[ableproadmin.com/bootstrap/default/assets/js/plugins/jquery.barrating.min.js]
[ableproadmin.com/bootstrap/default/assets/js/plugins/jquery.peity.min.js]
[ableproadmin.com/bootstrap/default/assets/js/pages/chart.js]
[ableproadmin.com/bootstrap/default/widget-chart.html]
[ableproadmin.com/bootstrap/default/assets/images/user/cover.jpg]
[ableproadmin.com/bootstrap/default/assets/images/user/img-avatar-3.jpg]
[ableproadmin.com/bootstrap/default/assets/images/user/img-avatar-1.jpg]
[ableproadmin.com/bootstrap/default/assets/images/user/img-avatar-2.jpg]
[ableproadmin.com/bootstrap/default/assets/images/widget/user-blur-bg.png]
[ableproadmin.com/bootstrap/default/assets/images/widget/img-round1.jpg]
[ableproadmin.com/bootstrap/default/assets/images/widget/profile-person1.jpg]
[ableproadmin.com/bootstrap/default/user-card.html]
[ableproadmin.com/bootstrap/default/assets/js/plugins/jquery.dataTables.min.js]
[ableproadmin.com/bootstrap/default/assets/js/plugins/dataTables.bootstrap4.min.js]
[ableproadmin.com/bootstrap/default/user-list.html]
[ableproadmin.com/bootstrap/default/hospital-dashboard.html]
[ableproadmin.com/bootstrap/default/assets/images/ticket/p1.jpg]
[ableproadmin.com/bootstrap/default/assets/images/ticket/p3.jpg]
[ableproadmin.com/bootstrap/default/assets/images/ticket/p2.jpg]
[ableproadmin.com/bootstrap/default/assets/images/ticket/p4.jpg]
[ableproadmin.com/bootstrap/default/assets/images/ticket/p5.jpg]
[ableproadmin.com/bootstrap/default/hospital-department.html]
[ableproadmin.com/bootstrap/default/hospital-doctor.html]
[ableproadmin.com/bootstrap/default/hospital-patient.html]
[ableproadmin.com/bootstrap/default/hospital-nurse.html]
[ableproadmin.com/bootstrap/default/hospital-pharmacist.html]
[ableproadmin.com/bootstrap/default/hospital-laboratorie.html]
[ableproadmin.com/bootstrap/default/project-dashboard.html]
[ableproadmin.com/bootstrap/default/project-customers.html]
[ableproadmin.com/bootstrap/default/assets/js/plugins/bootstrap-tagsinput.min.js]
[ableproadmin.com/bootstrap/default/assets/js/plugins/trumbowyg.min.js]
[ableproadmin.com/bootstrap/default/project-projects.html]
[ableproadmin.com/bootstrap/default/project-task.html]
[ableproadmin.com/bootstrap/default/member-dashboard.html]
[ableproadmin.com/bootstrap/default/member-mail-template.html]
[ableproadmin.com/bootstrap/default/member-countries.html]
[ableproadmin.com/bootstrap/default/member-coupons.html]
[ableproadmin.com/bootstrap/default/member-newsletter.html]
[ableproadmin.com/bootstrap/default/member-user.html]
[ableproadmin.com/bootstrap/default/member-membership.html]
[ableproadmin.com/bootstrap/default/assets/js/pages/dashboard-help.js]
[ableproadmin.com/bootstrap/default/help-dashboard.html]
[ableproadmin.com/bootstrap/default/help-create-ticket.html]
[ableproadmin.com/bootstrap/default/assets/js/plugins/select2.full.min.js]
[ableproadmin.com/bootstrap/default/help-ticket-details.html]
[ableproadmin.com/bootstrap/default/help-customer.html]
[ableproadmin.com/bootstrap/default/assets/js/plugins/moment.js]
[ableproadmin.com/bootstrap/default/assets/js/plugins/jquery-ui.min.js]
[ableproadmin.com/bootstrap/default/assets/js/plugins/fullcalendar.min.js]
[ableproadmin.com/bootstrap/default/school-dashboard.html]
[ableproadmin.com/bootstrap/default/school-student.html]
[ableproadmin.com/bootstrap/default/school-parents.html]
[ableproadmin.com/bootstrap/default/school-teacher.html]
[ableproadmin.com/bootstrap/default/sis-dashboard.html]
[ableproadmin.com/bootstrap/default/sis-leave.html]
[ableproadmin.com/bootstrap/default/sis-evaluation.html]
[ableproadmin.com/bootstrap/default/sis-event.html]
[ableproadmin.com/bootstrap/default/sis-circular.html]
[ableproadmin.com/bootstrap/default/sis-course.html]
[ableproadmin.com/bootstrap/default/crypto-dashboard.html]
[ableproadmin.com/bootstrap/default/crypto-exchange.html]
[ableproadmin.com/bootstrap/default/crypto-wallet.html]
[ableproadmin.com/bootstrap/default/crypto-transactions.html]
[ableproadmin.com/bootstrap/default/crypto-history.html]
[ableproadmin.com/bootstrap/default/crypto-trading.html]
[ableproadmin.com/bootstrap/default/assets/js/plugins/flipclock.min.js]
[ableproadmin.com/bootstrap/default/crypto-initial-coin.html]
[ableproadmin.com/bootstrap/default/assets/js/plugins/isotope.pkgd.min.js]
[ableproadmin.com/bootstrap/default/crypto-ico-listing.html]
[ableproadmin.com/bootstrap/default/assets/images/product/prod-1.jpg]
[ableproadmin.com/bootstrap/default/assets/images/product/prod-2.jpg]
[ableproadmin.com/bootstrap/default/assets/images/product/prod-3.jpg]
[ableproadmin.com/bootstrap/default/assets/images/product/prod-4.jpg]
[ableproadmin.com/bootstrap/default/assets/images/product/prod-5.jpg]
[ableproadmin.com/bootstrap/default/assets/images/product/prod-6.jpg]
[ableproadmin.com/bootstrap/default/assets/images/product/prod-7.jpg]
[ableproadmin.com/bootstrap/default/assets/images/product/prod-8.jpg]
[ableproadmin.com/bootstrap/default/assets/images/product/prod-9.jpg]
[ableproadmin.com/bootstrap/default/assets/images/product/prod-10.jpg]
[ableproadmin.com/bootstrap/default/assets/images/product/prod-11.jpg]
[ableproadmin.com/bootstrap/default/assets/images/product/prod-12.jpg]
[ableproadmin.com/bootstrap/default/ecom-product.html]
[ableproadmin.com/bootstrap/default/assets/images/product/prod-big-1.jpg]
[ableproadmin.com/bootstrap/default/assets/images/product/prod-big-2.jpg]
[ableproadmin.com/bootstrap/default/assets/images/product/prod-big-3.jpg]
[ableproadmin.com/bootstrap/default/assets/images/product/prod-big-4.jpg]
[ableproadmin.com/bootstrap/default/assets/images/product/prod-big-5.jpg]
[ableproadmin.com/bootstrap/default/ecom-product-details.html]
[ableproadmin.com/bootstrap/default/ecom-order.html]
[ableproadmin.com/bootstrap/default/assets/images/product/card.png]
[ableproadmin.com/bootstrap/default/assets/images/product/cc.png]
[ableproadmin.com/bootstrap/default/assets/images/product/cash.png]
[ableproadmin.com/bootstrap/default/ecom-checkout.html]
[ableproadmin.com/bootstrap/default/ecom-cart.html]
[ableproadmin.com/bootstrap/default/ecom-customers.html]
[ableproadmin.com/bootstrap/default/ecom-sellers.html]
[ableproadmin.com/bootstrap/default/bc_alert.html]
[ableproadmin.com/bootstrap/default/bc_button.html]
[ableproadmin.com/bootstrap/default/bc_badges.html]
[ableproadmin.com/bootstrap/default/bc_breadcrumb-pagination.html]
[ableproadmin.com/bootstrap/default/assets/images/slider/img-slide-3.jpg]
[ableproadmin.com/bootstrap/default/assets/images/slider/img-slide-6.jpg]
[ableproadmin.com/bootstrap/default/assets/images/slider/img-slide-7.jpg]
[ableproadmin.com/bootstrap/default/assets/images/slider/img-slide-4.jpg]
[ableproadmin.com/bootstrap/default/assets/images/slider/img-slide-2.jpg]
[ableproadmin.com/bootstrap/default/assets/images/slider/img-slide-1.jpg]
[ableproadmin.com/bootstrap/default/bc_card.html]
[ableproadmin.com/bootstrap/default/bc_collapse.html]
[ableproadmin.com/bootstrap/default/bc_carousel.html]
[ableproadmin.com/bootstrap/default/bc_grid.html]
[ableproadmin.com/bootstrap/default/bc_progress.html]
[ableproadmin.com/bootstrap/default/bc_modal.html]
[ableproadmin.com/bootstrap/default/bc_spinner.html]
[ableproadmin.com/bootstrap/default/bc_tabs.html]
[ableproadmin.com/bootstrap/default/bc_typography.html]
[ableproadmin.com/bootstrap/default/bc_tooltip-popover.html]
[ableproadmin.com/bootstrap/default/bc_toasts.html]
[ableproadmin.com/bootstrap/default/bc_extra.html]
[ableproadmin.com/bootstrap/default/assets/js/plugins/sweetalert.min.js]
[ableproadmin.com/bootstrap/default/assets/js/pages/ac-alert.js]
[ableproadmin.com/bootstrap/default/ac_alert.html]
[ableproadmin.com/bootstrap/default/assets/js/plugins/moment.min.js]
[ableproadmin.com/bootstrap/default/assets/js/plugins/daterangepicker.js]
[ableproadmin.com/bootstrap/default/assets/js/pages/ac-datepicker.js]
[ableproadmin.com/bootstrap/default/ac-datepicker-componant.html]
[ableproadmin.com/bootstrap/default/assets/images/light-box/v1.jpg]
[ableproadmin.com/bootstrap/default/assets/images/light-box/v2.jpg]
[ableproadmin.com/bootstrap/default/assets/images/light-box/v3.jpg]
[ableproadmin.com/bootstrap/default/assets/images/light-box/mixin.jpg]
[ableproadmin.com/bootstrap/default/assets/images/light-box/smixin.jpg]
[ableproadmin.com/bootstrap/default/assets/images/light-box/v4.jpg]
[ableproadmin.com/bootstrap/default/ac_lightbox.html]
[ableproadmin.com/bootstrap/default/assets/js/plugins/bootstrap-notify.min.js]
[ableproadmin.com/bootstrap/default/assets/js/pages/ac-notification.js]
[ableproadmin.com/bootstrap/default/ac_notification.html]
[ableproadmin.com/bootstrap/default/assets/js/plugins/PNotify.js]
[ableproadmin.com/bootstrap/default/assets/js/plugins/PNotifyButtons.js]
[ableproadmin.com/bootstrap/default/assets/js/plugins/PNotifyCallbacks.js]
[ableproadmin.com/bootstrap/default/assets/js/plugins/PNotifyDesktop.js]
[ableproadmin.com/bootstrap/default/assets/js/plugins/PNotifyConfirm.js]
[ableproadmin.com/bootstrap/default/assets/js/pages/notify-event.js]
[ableproadmin.com/bootstrap/default/ac_pnotify.html]
[ableproadmin.com/bootstrap/default/assets/js/pages/ac-rating.js]
[ableproadmin.com/bootstrap/default/ac_rating.html]
[ableproadmin.com/bootstrap/default/assets/js/plugins/bootstrap-slider.min.js]
[ableproadmin.com/bootstrap/default/assets/js/pages/ac-rangeslider.js]
[ableproadmin.com/bootstrap/default/ac_rangeslider.html]
[ableproadmin.com/bootstrap/default/ac_syntax_highlighter.html]
[ableproadmin.com/bootstrap/default/assets/images/product/prod-anim.jpg]
[ableproadmin.com/bootstrap/default/animation.html]
[ableproadmin.com/bootstrap/default/assets/js/plugins/clipboard.min.js]
[ableproadmin.com/bootstrap/default/icon-feather.html]
[ableproadmin.com/bootstrap/default/icon-fontawsome.html]
[ableproadmin.com/bootstrap/default/form_elements.html]
[ableproadmin.com/bootstrap/default/assets/js/plugins/bootstrap-maxlength.js]
[cdnjs.cloudflare.com/ajax/libs/typeahead.js/0.11.1/typeahead.bundle.min.js]
[ableproadmin.com/bootstrap/default/assets/js/pages/form-advance-custom.js]
[ableproadmin.com/bootstrap/default/form-elements-advance.html]
[ableproadmin.com/bootstrap/default/assets/js/plugins/jquery.validate.min.js]
[ableproadmin.com/bootstrap/default/assets/js/pages/form-validation.js]
[ableproadmin.com/bootstrap/default/form-validation.html]
[ableproadmin.com/bootstrap/default/assets/js/plugins/jquery.mask.min.js]
[ableproadmin.com/bootstrap/default/assets/js/pages/form-masking-custom.js]
[ableproadmin.com/bootstrap/default/form-masking.html]
[ableproadmin.com/bootstrap/default/assets/js/plugins/jquery.bootstrap.wizard.min.js]
[ableproadmin.com/bootstrap/default/form-wizard.html]
[ableproadmin.com/bootstrap/default/assets/js/plugins/jquery.minicolors.min.js]
[ableproadmin.com/bootstrap/default/assets/js/pages/form-picker-custom.js]
[ableproadmin.com/bootstrap/default/form-picker.html]
[ableproadmin.com/bootstrap/default/tbl_bootstrap.html]
[ableproadmin.com/bootstrap/default/tbl_sizing.html]
[ableproadmin.com/bootstrap/default/tbl_border.html]
[ableproadmin.com/bootstrap/default/tbl_styling.html]
[ableproadmin.com/bootstrap/default/assets/js/pages/data-basic-custom.js]
[ableproadmin.com/bootstrap/default/dt_basic.html]
[ableproadmin.com/bootstrap/default/assets/js/pages/data-advance-custom.js]
[ableproadmin.com/bootstrap/default/dt_advance.html]
[ableproadmin.com/bootstrap/default/assets/js/pages/data-styling-custom.js]
[ableproadmin.com/bootstrap/default/dt_styling.html]
[ableproadmin.com/bootstrap/default/assets/js/pages/data-api-custom.js]
[ableproadmin.com/bootstrap/default/dt_api.html]
[ableproadmin.com/bootstrap/default/assets/js/pages/data-plugin-custom.js]
[ableproadmin.com/bootstrap/default/dt_plugin.html]
[ableproadmin.com/bootstrap/default/assets/js/pages/data-source-custom.js]
[ableproadmin.com/bootstrap/default/dt_sources.html]
[ableproadmin.com/bootstrap/default/assets/js/plugins/select.bootstrap4.min.js]
[ableproadmin.com/bootstrap/default/assets/js/plugins/dataTables.select.min.js]
[ableproadmin.com/bootstrap/default/assets/js/pages/data-autofill-custom.js]
[ableproadmin.com/bootstrap/default/dt_ext_autofill.html]
[ableproadmin.com/bootstrap/default/assets/js/plugins/buttons.colVis.min.js]
[ableproadmin.com/bootstrap/default/assets/js/plugins/dataTables.buttons.min.js]
[ableproadmin.com/bootstrap/default/assets/js/plugins/buttons.bootstrap4.min.js]
[ableproadmin.com/bootstrap/default/assets/js/pages/data-buttons-custom.js]
[ableproadmin.com/bootstrap/default/dt_ext_basic_buttons.html]
[ableproadmin.com/bootstrap/default/assets/js/plugins/buttons.print.min.js]
[ableproadmin.com/bootstrap/default/assets/js/plugins/pdfmake.min.js]
[ableproadmin.com/bootstrap/default/assets/js/plugins/jszip.min.js]
[ableproadmin.com/bootstrap/default/assets/js/plugins/buttons.html5.min.js]
[ableproadmin.com/bootstrap/default/assets/js/pages/data-export-custom.js]
[ableproadmin.com/bootstrap/default/dt_ext_export_buttons.html]
[ableproadmin.com/bootstrap/default/assets/js/plugins/dataTables.colReorder.min.js]
[ableproadmin.com/bootstrap/default/assets/js/pages/data-reorder-custom.js]
[ableproadmin.com/bootstrap/default/dt_ext_col_reorder.html]
[ableproadmin.com/bootstrap/default/assets/js/plugins/dataTables.fixedColumns.min.js]
[ableproadmin.com/bootstrap/default/assets/js/pages/data-column-custom.js]
[ableproadmin.com/bootstrap/default/dt_ext_fixed_columns.html]
[ableproadmin.com/bootstrap/default/assets/js/plugins/dataTables.fixedHeader.min.js]
[ableproadmin.com/bootstrap/default/assets/js/pages/data-header-custom.js]
[ableproadmin.com/bootstrap/default/dt_ext_fixed_header.html]
[ableproadmin.com/bootstrap/default/assets/js/plugins/dataTables.keyTable.min.js]
[ableproadmin.com/bootstrap/default/assets/js/pages/data-key-custom.js]
[ableproadmin.com/bootstrap/default/dt_ext_key_table.html]
[ableproadmin.com/bootstrap/default/assets/js/plugins/dataTables.responsive.min.js]
[ableproadmin.com/bootstrap/default/assets/js/pages/data-responsive-custom.js]
[ableproadmin.com/bootstrap/default/dt_ext_responsive.html]
[cdn.datatables.net/rowreorder/1.2.6/css/rowReorder.dataTables.min.css]
[ableproadmin.com/bootstrap/default/assets/js/pages/data-row-custom.js]
[ableproadmin.com/bootstrap/default/dt_ext_row_reorder.html]
[cdn.datatables.net/rowreorder/1.2.6/js/dataTables.rowReorder.min.js]
[ableproadmin.com/bootstrap/default/assets/js/pages/data-scroller-custom.js]
[ableproadmin.com/bootstrap/default/dt_ext_scroller.html]
[ableproadmin.com/bootstrap/default/assets/js/pages/data-select-custom.js]
[ableproadmin.com/bootstrap/default/dt_ext_select.html]
[ableproadmin.com/bootstrap/default/assets/js/pages/chart-apex.js]
[ableproadmin.com/bootstrap/default/chart-apex.html]
[ableproadmin.com/bootstrap/default/assets/js/plugins/Chart.min.js]
[ableproadmin.com/bootstrap/default/assets/js/pages/chart-chart-custom.js]
[ableproadmin.com/bootstrap/default/chart-chartjs.html]
[ableproadmin.com/bootstrap/default/assets/js/plugins/highcharts.js]
[ableproadmin.com/bootstrap/default/assets/js/plugins/highcharts-3d.js]
[ableproadmin.com/bootstrap/default/assets/js/pages/chart-highchart-custom.js]
[ableproadmin.com/bootstrap/default/chart-highchart.html]
[ableproadmin.com/bootstrap/default/assets/js/plugins/jquery.knob.min.js]
[ableproadmin.com/bootstrap/default/assets/js/pages/jquery.knob-custom.min.js]
[ableproadmin.com/bootstrap/default/chart-knob.html]
[ableproadmin.com/bootstrap/default/assets/js/pages/chart-peity-custom.js]
[ableproadmin.com/bootstrap/default/chart-peity.html]
[ableproadmin.com/bootstrap/default/assets/js/pages/google-maps.js]
[ableproadmin.com/bootstrap/default/map-google.html]
[ableproadmin.com/bootstrap/default/assets/js/pages/map-api.js]
[ableproadmin.com/bootstrap/default/map-api.html]
[ableproadmin.com/bootstrap/default/auth-signup.html]
[ableproadmin.com/bootstrap/default/assets/images/auth/auth-logo.png]
[ableproadmin.com/bootstrap/default/assets/images/auth/auth-logo-dark.png]
[ableproadmin.com/bootstrap/default/auth-signup-img-side.html]
[ableproadmin.com/bootstrap/default/auth-signin-img-side.html]
[ableproadmin.com/bootstrap/default/auth-reset-password.html]
[ableproadmin.com/bootstrap/default/auth-reset-password-img-side.html]
[ableproadmin.com/bootstrap/default/auth-change-password.html]
[ableproadmin.com/bootstrap/default/auth-change-password-img-side.html]
[ableproadmin.com/bootstrap/default/auth-profile-settings.html]
[ableproadmin.com/bootstrap/default/auth-tabs.html]
[ableproadmin.com/bootstrap/default/assets/images/maintance/404.png]
[ableproadmin.com/bootstrap/default/maint-error.html]
[ableproadmin.com/bootstrap/default/assets/images/maintance/sparcle-1.png]
[ableproadmin.com/bootstrap/default/assets/images/maintance/sparcle-2.png]
[ableproadmin.com/bootstrap/default/assets/js/pages/TweenMax.min.js]
[ableproadmin.com/bootstrap/default/assets/js/pages/jquery.wavify.js]
[ableproadmin.com/bootstrap/default/maint-offline-ui.html]
[ableproadmin.com/bootstrap/default/assets/images/maintance/maintance.png]
[ableproadmin.com/bootstrap/default/maint-maintance.html]
[ableproadmin.com/bootstrap/default/email_read.html]
[ableproadmin.com/bootstrap/default/email_compose.html]
[ableproadmin.com/bootstrap/default/task-list.html]
[ableproadmin.com/bootstrap/default/assets/js/pages/task-board.js]
[ableproadmin.com/bootstrap/default/task-board.html]
[ableproadmin.com/bootstrap/default/task-detail.html]
[ableproadmin.com/bootstrap/default/todo.html]
[ableproadmin.com/bootstrap/default/assets/images/gallery-grid/img-grd-gal-1.jpg]
[ableproadmin.com/bootstrap/default/assets/images/gallery-grid/img-grd-gal-2.jpg]
[ableproadmin.com/bootstrap/default/assets/images/gallery-grid/img-grd-gal-3.jpg]
[ableproadmin.com/bootstrap/default/assets/images/gallery-grid/img-grd-gal-4.jpg]
[ableproadmin.com/bootstrap/default/assets/images/gallery-grid/img-grd-gal-5.jpg]
[ableproadmin.com/bootstrap/default/assets/images/gallery-grid/img-grd-gal-6.jpg]
[ableproadmin.com/bootstrap/default/gallery-grid.html]
[ableproadmin.com/bootstrap/default/assets/images/gallery-grid/masonry-1.jpg]
[ableproadmin.com/bootstrap/default/assets/images/gallery-grid/masonry-3.jpg]
[ableproadmin.com/bootstrap/default/assets/images/gallery-grid/masonry-4.jpg]
[ableproadmin.com/bootstrap/default/assets/images/gallery-grid/masonry-5.jpg]
[ableproadmin.com/bootstrap/default/assets/images/gallery-grid/masonry-8.jpg]
[ableproadmin.com/bootstrap/default/assets/images/gallery-grid/masonry-2.jpg]
[ableproadmin.com/bootstrap/default/gallery-masonry.html]
[ckeditor.com/assets/images/bg/umbrellas-e935d5c582.jpg]
[ableproadmin.com/bootstrap/default/assets/js/plugins/ckeditor.js]
[ableproadmin.com/bootstrap/default/editor-classic.html]
[ableproadmin.com/bootstrap/default/editor-trumbowyg.html]
[ableproadmin.com/bootstrap/default/invoice.html]
[ableproadmin.com/bootstrap/default/invoice-summary.html]
[ableproadmin.com/bootstrap/default/assets/js/pages/invoice-list.js]
[ableproadmin.com/bootstrap/default/invoice-list.html]
[ableproadmin.com/bootstrap/default/full-calendar.html]
[ableproadmin.com/bootstrap/default/assets/js/plugins/dropzone-amd-module.min.js]
[ableproadmin.com/bootstrap/default/file-upload.html]
[ableproadmin.com/bootstrap/default/assets/js/plugins/cropper.min.js]
[ableproadmin.com/bootstrap/default/assets/js/pages/page-croper.js]
[ableproadmin.com/bootstrap/default/image_crop.html]
[ableproadmin.com/bootstrap/default/sample-page.html]
[ableproadmin.com/bootstrap/default/assets/images/model/welcome.svg]
[ableproadmin.com/bootstrap/default/assets/css/plugins/animate.min.css]
[ableproadmin.com/bootstrap/default/assets/fonts/opensans/mem8YaGs126MiZpBA-UFWJ0bbck.html]
[ableproadmin.com/bootstrap/default/assets/fonts/opensans/mem8YaGs126MiZpBA-UFUZ0bbck.html]
[ableproadmin.com/bootstrap/default/assets/fonts/opensans/mem8YaGs126MiZpBA-UFWZ0bbck.html]
[ableproadmin.com/bootstrap/default/assets/fonts/opensans/mem8YaGs126MiZpBA-UFVp0bbck.html]
[ableproadmin.com/bootstrap/default/assets/fonts/opensans/mem8YaGs126MiZpBA-UFWp0bbck.html]
[ableproadmin.com/bootstrap/default/assets/fonts/opensans/mem8YaGs126MiZpBA-UFW50bbck.html]
[ableproadmin.com/bootstrap/default/assets/fonts/opensans/mem5YaGs126MiZpBA-UNirkOX-hpOqc.html]
[ableproadmin.com/bootstrap/default/assets/fonts/opensans/mem5YaGs126MiZpBA-UNirkOVuhpOqc.html]
[ableproadmin.com/bootstrap/default/assets/fonts/opensans/mem5YaGs126MiZpBA-UNirkOXuhpOqc.html]
[ableproadmin.com/bootstrap/default/assets/fonts/opensans/mem5YaGs126MiZpBA-UNirkOUehpOqc.html]
[ableproadmin.com/bootstrap/default/assets/fonts/opensans/mem5YaGs126MiZpBA-UNirkOXehpOqc.html]
[ableproadmin.com/bootstrap/default/assets/fonts/opensans/mem5YaGs126MiZpBA-UNirkOXOhpOqc.html]
[ableproadmin.com/bootstrap/default/assets/fonts/pct.svg]
[ableproadmin.com/bootstrap/default/assets/fonts/feather6cfa.svg]
[ableproadmin.com/bootstrap/default/assets/fonts/fa-brands-400.html]
[ableproadmin.com/bootstrap/default/assets/fonts/fa-brands-400.svg]
[ableproadmin.com/bootstrap/default/assets/fonts/fa-regular-400.svg]
[ableproadmin.com/bootstrap/default/assets/fonts/fa-solid-900.html]
[ableproadmin.com/bootstrap/default/assets/fonts/fa-solid-900.svg]
[ableproadmin.com/bootstrap/default/assets/fonts/cryptocoins.html]
[ableproadmin.com/bootstrap/default/assets/css/plugins/ekko-lightbox.css]
[ableproadmin.com/bootstrap/default/assets/css/plugins/lightbox.min.css]
[ableproadmin.com/bootstrap/default/assets/css/plugins/prism-coy.css]
[ableproadmin.com/bootstrap/default/assets/css/layout-rtl.css]
[ableproadmin.com/bootstrap/default/assets/css/layout-dark.css]
[ableproadmin.com/bootstrap/default/assets/images/profile/bg-3.jpg]
[ableproadmin.com/bootstrap/default/assets/images/widget/GERMANY.html]
[developers.google.com/maps/documentation/javascript/examples/markerclusterer/markerclusterer.js]
[ableproadmin.com/bootstrap/default/assets/css/plugins/bars-1to10.css]
[ableproadmin.com/bootstrap/default/assets/css/plugins/dataTables.bootstrap4.min.css]
[ableproadmin.com/bootstrap/default/assets/css/plugins/bootstrap-tagsinput.css]
[ableproadmin.com/bootstrap/default/assets/css/plugins/trumbowyg.min.css]
[ableproadmin.com/bootstrap/default/[LINK].html]
[ableproadmin.com/bootstrap/default/assets/images/pages/gift-card.svg]
[ableproadmin.com/bootstrap/default/assets/images/pages/coupon.svg]
[ableproadmin.com/bootstrap/default/assets/images/pages/coupon1.svg]
[ableproadmin.com/bootstrap/default/assets/images/pages/voucher.svg]
[ableproadmin.com/bootstrap/default/assets/images/pages/discount.svg]
[ableproadmin.com/bootstrap/default/assets/images/pages/medal-trial.svg]
[ableproadmin.com/bootstrap/default/assets/images/pages/medal-bronze.svg]
[ableproadmin.com/bootstrap/default/assets/images/pages/medal-gold.svg]
[ableproadmin.com/bootstrap/default/assets/images/pages/medal-platinum.svg]
[ableproadmin.com/bootstrap/default/assets/images/pages/medal-silver.svg]
[ableproadmin.com/bootstrap/default/help-ticket.html]
[ableproadmin.com/bootstrap/default/assets/css/plugins/select2.min.css]
[ableproadmin.com/bootstrap/default/assets/images/product/index.html]
[ableproadmin.com/bootstrap/default/assets/images/user/index.html]
[ableproadmin.com/bootstrap/default/assets/css/plugins/fullcalendar.min.css]
[ableproadmin.com/bootstrap/default/assets/images/pages/interview.svg]
[ableproadmin.com/bootstrap/default/assets/images/pages/festival.svg]
[ableproadmin.com/bootstrap/default/assets/images/pages/baseball.svg]
[ableproadmin.com/bootstrap/default/assets/css/plugins/flipclock.css]
[ableproadmin.com/bootstrap/default/assets/js/plugins/jquery-ui.min.js]
[ableproadmin.com/bootstrap/default/assets/images/product/paypal.html]
[ableproadmin.com/bootstrap/default/assets/css/plugins/daterangepicker.css]
[ableproadmin.com/bootstrap/default/assets/css/plugins/PNotifyBrightTheme.css]
[ableproadmin.com/bootstrap/default/assets/css/plugins/bars-horizontal.css]
[ableproadmin.com/bootstrap/default/assets/css/plugins/bars-movie.css]
[ableproadmin.com/bootstrap/default/assets/css/plugins/bars-pill.css]
[ableproadmin.com/bootstrap/default/assets/css/plugins/bars-reversed.css]
[ableproadmin.com/bootstrap/default/assets/css/plugins/bars-square.css]
[ableproadmin.com/bootstrap/default/assets/css/plugins/bootstrap-stars.css]
[ableproadmin.com/bootstrap/default/assets/css/plugins/css-stars.css]
[ableproadmin.com/bootstrap/default/assets/css/plugins/bootstrap-slider.min.css]
[ableproadmin.com/bootstrap/default/assets/css/plugins/bootstrap-tagsinput-typeahead.css]
[ableproadmin.com/bootstrap/default/assets/css/plugins/jquery.minicolors.png]
[ableproadmin.com/bootstrap/default/assets/css/plugins/jquery.minicolors.css]
[ableproadmin.com/bootstrap/default/assets/js/pages/form-select-custom.js]
[ableproadmin.com/bootstrap/default/form-select.html]
[ableproadmin.com/bootstrap/default/assets/css/plugins/select.bootstrap4.min.css]
[ableproadmin.com/bootstrap/default/assets/css/plugins/fixedColumns.bootstrap4.min.css]
[ableproadmin.com/bootstrap/default/assets/css/plugins/fixedHeader.bootstrap4.min.css]
[ableproadmin.com/bootstrap/default/assets/css/plugins/keyTable.bootstrap4.min.css]
[ableproadmin.com/bootstrap/default/assets/css/plugins/responsive.bootstrap4.min.css]
[cdn.datatables.net/rowreorder/1.2.6/css/rowReorder.dataTables.min.css]
[ableproadmin.com/bootstrap/default/assets/images/maintance/ship.svg]
[ableproadmin.com/bootstrap/default/assets/images/maintance/sark.svg]
[ableproadmin.com/bootstrap/default/assets/plugins/ekko-lightbox/css/ekko-lightbox.min.html]
[ableproadmin.com/bootstrap/default/assets/plugins/lightbox2-master/css/lightbox.min.html]
[ableproadmin.com/bootstrap/default/assets/css/pages/pages.html]
[ableproadmin.com/bootstrap/default/assets/plugins/ekko-lightbox/js/ekko-lightbox.min.html]
[ableproadmin.com/bootstrap/default/assets/plugins/lightbox2-master/js/lightbox.min.html]
[ableproadmin.com/bootstrap/default/assets/css/plugins/dropzone.min.css]
[ableproadmin.com/bootstrap/default/assets/css/plugins/cropper.min.css]
[ableproadmin.com/bootstrap/default/cropped.html]
[ableproadmin.com/bootstrap/default/assets/fonts/fa-regular-400.woff2]
[ableproadmin.com/bootstrap/default/assets/css/images/loading.html]
[ableproadmin.com/bootstrap/default/hd-detail.html]
